21:48:10 **** Incremental Build of configuration Debug for project Ex8 ****
make -j16 all 
arm-none-eabi-gcc "../Core/Src/main.c" -mcpu=cortex-m3 -std=gnu11 -g3 -DDEBUG -DUSE_HAL_DRIVER -DSTM32F103x6 -c -I../Core/Inc -I../Drivers/STM32F1xx_HAL_Driver/Inc -I../Drivers/STM32F1xx_HAL_Driver/Inc/Legacy -I../Drivers/CMSIS/Device/ST/STM32F1xx/Include -I../Drivers/CMSIS/Include -O0 -ffunction-sections -fdata-sections -Wall -fstack-usage -MMD -MP -MF"Core/Src/main.d" -MT"Core/Src/main.o" --specs=nano.specs -mfloat-abi=soft -mthumb -o "Core/Src/main.o"
../Core/Src/main.c:89:8: warning: 'setNumberOnClock' defined but not used [-Wunused-function]
   89 |   void setNumberOnClock(int num) {
      |        ^~~~~~~~~~~~~~~~
arm-none-eabi-gcc -o "Ex8.elf" @"objects.list"   -mcpu=cortex-m3 -T"D:\HK231\Microprocessor - Microcontroller\Lab\LAB1\Ex8\STM32 Code\STM32F103C6UX_FLASH.ld" --specs=nosys.specs -Wl,-Map="Ex8.map" -Wl,--gc-sections -static --specs=nano.specs -mfloat-abi=soft -mthumb -Wl,--start-group -lc -lm -Wl,--end-group
Finished building target: Ex8.elf
 
arm-none-eabi-size   Ex8.elf 
arm-none-eabi-objdump -h -S  Ex8.elf  > "Ex8.list"
arm-none-eabi-objcopy  -O ihex  Ex8.elf  "Ex8.hex"
   text	   data	    bss	    dec	    hex	filename
   4440	     20	   1572	   6032	   1790	Ex8.elf
arm-none-eabi-objcopy  -O binary  Ex8.elf  "Ex8.bin"
Finished building: default.size.stdout
 
Finished building: Ex8.hex
Finished building: Ex8.bin
 
 
Finished building: Ex8.list
 

21:48:11 Build Finished. 0 errors, 1 warnings. (took 856ms)

